YOLOR üöÄ 2023-11-30 torch 2.1.1 CUDA:0 (Tesla V100-SXM2-32GB, 32501.125MB)

Namespace(weights='./yolov7/yolov7-tiny.pt', cfg='', data='./yolov7/data/coco.yaml', hyp='./yolov7/data/hyp.scratch.tiny.yaml', epochs=50, batch_size=40, img_size=[640, 640], rect=False, resume=False, nosave=False, notest=False, noautoanchor=False, evolve=False, bucket='', cache_images=False, image_weights=False, device='', multi_scale=False, single_cls=False, adam=False, sync_bn=False, local_rank=-1, workers=8, project='runs/train', entity=None, name='ATF_COCO-unfreeze', exist_ok=False, quad=False, linear_lr=False, label_smoothing=0.0, upload_dataset=False, bbox_interval=-1, save_period=-1, artifact_alias='latest', freeze=[0], v5_metric=False, world_size=1, global_rank=-1, save_dir='runs/train/ATF_COCO-unfreeze', total_batch_size=40)
[34m[1mtensorboard: [0mStart with 'tensorboard --logdir runs/train', view at http://localhost:6006/
[34m[1mhyperparameters: [0mlr0=0.01, lrf=0.01, momentum=0.937, weight_decay=0.0005, warmup_epochs=3.0, warmup_momentum=0.8, warmup_bias_lr=0.1, box=0.05, cls=0.5, cls_pw=1.0, obj=1.0, obj_pw=1.0, iou_t=0.2, anchor_t=4.0, fl_gamma=0.0, hsv_h=0.015, hsv_s=0.7, hsv_v=0.4, degrees=0.0, translate=0.1, scale=0.5, shear=0.0, perspective=0.0, flipud=0.0, fliplr=0.5, mosaic=1.0, mixup=0.05, copy_paste=0.0, paste_in=0.05, loss_ota=1
wandb: Currently logged in as: sophieguan (ece189-proj-pete). Use `wandb login --relogin` to force relogin
wandb: wandb version 0.16.5 is available!  To upgrade, please run:
wandb:  $ pip install wandb --upgrade
wandb: Tracking run with wandb version 0.16.0
wandb: Run data is saved locally in /home/sophieguan/proj-pete/wandb/run-20240403_130517-jakhegka
wandb: Run `wandb offline` to turn off syncing.
wandb: Syncing run ATF_COCO-unfreeze
wandb: ‚≠êÔ∏è View project at https://wandb.ai/ece189-proj-pete/YOLOR
wandb: üöÄ View run at https://wandb.ai/ece189-proj-pete/YOLOR/runs/jakhegka

                 from  n    params  module                                  arguments                     
  0                -1  1       928  models.common.Conv                      [3, 32, 3, 2, None, 1, LeakyReLU(negative_slope=0.1)]
  1                -1  1     18560  models.common.Conv                      [32, 64, 3, 2, None, 1, LeakyReLU(negative_slope=0.1)]
  2                -1  1      2112  models.common.Conv                      [64, 32, 1, 1, None, 1, LeakyReLU(negative_slope=0.1)]
  3                -2  1      2112  models.common.Conv                      [64, 32, 1, 1, None, 1, LeakyReLU(negative_slope=0.1)]
  4                -1  1      9280  models.common.Conv                      [32, 32, 3, 1, None, 1, LeakyReLU(negative_slope=0.1)]
  5                -1  1      9280  models.common.Conv                      [32, 32, 3, 1, None, 1, LeakyReLU(negative_slope=0.1)]
  6  [-1, -2, -3, -4]  1         0  models.common.Concat                    [1]                           
  7                -1  1      8320  models.common.Conv                      [128, 64, 1, 1, None, 1, LeakyReLU(negative_slope=0.1)]
  8                -1  1         0  models.common.MP                        []                            
  9                -1  1      4224  models.common.Conv                      [64, 64, 1, 1, None, 1, LeakyReLU(negative_slope=0.1)]
 10                -2  1      4224  models.common.Conv                      [64, 64, 1, 1, None, 1, LeakyReLU(negative_slope=0.1)]
 11                -1  1     36992  models.common.Conv                      [64, 64, 3, 1, None, 1, LeakyReLU(negative_slope=0.1)]
 12                -1  1     36992  models.common.Conv                      [64, 64, 3, 1, None, 1, LeakyReLU(negative_slope=0.1)]
 13  [-1, -2, -3, -4]  1         0  models.common.Concat                    [1]                           
 14                -1  1     33024  models.common.Conv                      [256, 128, 1, 1, None, 1, LeakyReLU(negative_slope=0.1)]
 15                -1  1         0  models.common.MP                        []                            
 16                -1  1     16640  models.common.Conv                      [128, 128, 1, 1, None, 1, LeakyReLU(negative_slope=0.1)]
 17                -2  1     16640  models.common.Conv                      [128, 128, 1, 1, None, 1, LeakyReLU(negative_slope=0.1)]
 18                -1  1    147712  models.common.Conv                      [128, 128, 3, 1, None, 1, LeakyReLU(negative_slope=0.1)]
 19                -1  1    147712  models.common.Conv                      [128, 128, 3, 1, None, 1, LeakyReLU(negative_slope=0.1)]
 20  [-1, -2, -3, -4]  1         0  models.common.Concat                    [1]                           
 21                -1  1    131584  models.common.Conv                      [512, 256, 1, 1, None, 1, LeakyReLU(negative_slope=0.1)]
 22                -1  1         0  models.common.MP                        []                            
 23                -1  1     66048  models.common.Conv                      [256, 256, 1, 1, None, 1, LeakyReLU(negative_slope=0.1)]
 24                -2  1     66048  models.common.Conv                      [256, 256, 1, 1, None, 1, LeakyReLU(negative_slope=0.1)]
 25                -1  1    590336  models.common.Conv                      [256, 256, 3, 1, None, 1, LeakyReLU(negative_slope=0.1)]
 26                -1  1    590336  models.common.Conv                      [256, 256, 3, 1, None, 1, LeakyReLU(negative_slope=0.1)]
 27  [-1, -2, -3, -4]  1         0  models.common.Concat                    [1]                           
 28                -1  1    525312  models.common.Conv                      [1024, 512, 1, 1, None, 1, LeakyReLU(negative_slope=0.1)]
 29                -1  1    131584  models.common.Conv                      [512, 256, 1, 1, None, 1, LeakyReLU(negative_slope=0.1)]
 30                -2  1    131584  models.common.Conv                      [512, 256, 1, 1, None, 1, LeakyReLU(negative_slope=0.1)]
 31                -1  1         0  models.common.SP                        [5]                           
 32                -2  1         0  models.common.SP                        [9]                           
 33                -3  1         0  models.common.SP                        [13]                          
 34  [-1, -2, -3, -4]  1         0  models.common.Concat                    [1]                           
 35                -1  1    262656  models.common.Conv                      [1024, 256, 1, 1, None, 1, LeakyReLU(negative_slope=0.1)]
 36          [-1, -7]  1         0  models.common.Concat                    [1]                           
 37                -1  1    131584  models.common.Conv                      [512, 256, 1, 1, None, 1, LeakyReLU(negative_slope=0.1)]
 38                -1  1     33024  models.common.Conv                      [256, 128, 1, 1, None, 1, LeakyReLU(negative_slope=0.1)]
 39                -1  1         0  torch.nn.modules.upsampling.Upsample    [None, 2, 'nearest']          
 40                21  1     33024  models.common.Conv                      [256, 128, 1, 1, None, 1, LeakyReLU(negative_slope=0.1)]
 41          [-1, -2]  1         0  models.common.Concat                    [1]                           
 42                -1  1     16512  models.common.Conv                      [256, 64, 1, 1, None, 1, LeakyReLU(negative_slope=0.1)]
 43                -2  1     16512  models.common.Conv                      [256, 64, 1, 1, None, 1, LeakyReLU(negative_slope=0.1)]
 44                -1  1     36992  models.common.Conv                      [64, 64, 3, 1, None, 1, LeakyReLU(negative_slope=0.1)]
 45                -1  1     36992  models.common.Conv                      [64, 64, 3, 1, None, 1, LeakyReLU(negative_slope=0.1)]
 46  [-1, -2, -3, -4]  1         0  models.common.Concat                    [1]                           
 47                -1  1     33024  models.common.Conv                      [256, 128, 1, 1, None, 1, LeakyReLU(negative_slope=0.1)]
 48                -1  1      8320  models.common.Conv                      [128, 64, 1, 1, None, 1, LeakyReLU(negative_slope=0.1)]
 49                -1  1         0  torch.nn.modules.upsampling.Upsample    [None, 2, 'nearest']          
 50                14  1      8320  models.common.Conv                      [128, 64, 1, 1, None, 1, LeakyReLU(negative_slope=0.1)]
 51          [-1, -2]  1         0  models.common.Concat                    [1]                           
 52                -1  1      4160  models.common.Conv                      [128, 32, 1, 1, None, 1, LeakyReLU(negative_slope=0.1)]
 53                -2  1      4160  models.common.Conv                      [128, 32, 1, 1, None, 1, LeakyReLU(negative_slope=0.1)]
 54                -1  1      9280  models.common.Conv                      [32, 32, 3, 1, None, 1, LeakyReLU(negative_slope=0.1)]
 55                -1  1      9280  models.common.Conv                      [32, 32, 3, 1, None, 1, LeakyReLU(negative_slope=0.1)]
 56  [-1, -2, -3, -4]  1         0  models.common.Concat                    [1]                           
 57                -1  1      8320  models.common.Conv                      [128, 64, 1, 1, None, 1, LeakyReLU(negative_slope=0.1)]
 58                -1  1     73984  models.common.Conv                      [64, 128, 3, 2, None, 1, LeakyReLU(negative_slope=0.1)]
 59          [-1, 47]  1         0  models.common.Concat                    [1]                           
 60                -1  1     16512  models.common.Conv                      [256, 64, 1, 1, None, 1, LeakyReLU(negative_slope=0.1)]
 61                -2  1     16512  models.common.Conv                      [256, 64, 1, 1, None, 1, LeakyReLU(negative_slope=0.1)]
 62                -1  1     36992  models.common.Conv                      [64, 64, 3, 1, None, 1, LeakyReLU(negative_slope=0.1)]
 63                -1  1     36992  models.common.Conv                      [64, 64, 3, 1, None, 1, LeakyReLU(negative_slope=0.1)]
 64  [-1, -2, -3, -4]  1         0  models.common.Concat                    [1]                           
 65                -1  1     33024  models.common.Conv                      [256, 128, 1, 1, None, 1, LeakyReLU(negative_slope=0.1)]
 66                -1  1    295424  models.common.Conv                      [128, 256, 3, 2, None, 1, LeakyReLU(negative_slope=0.1)]
 67          [-1, 37]  1         0  models.common.Concat                    [1]                           
 68                -1  1     65792  models.common.Conv                      [512, 128, 1, 1, None, 1, LeakyReLU(negative_slope=0.1)]
 69                -2  1     65792  models.common.Conv                      [512, 128, 1, 1, None, 1, LeakyReLU(negative_slope=0.1)]
 70                -1  1    147712  models.common.Conv                      [128, 128, 3, 1, None, 1, LeakyReLU(negative_slope=0.1)]
 71                -1  1    147712  models.common.Conv                      [128, 128, 3, 1, None, 1, LeakyReLU(negative_slope=0.1)]
 72  [-1, -2, -3, -4]  1         0  models.common.Concat                    [1]                           
 73                -1  1    131584  models.common.Conv                      [512, 256, 1, 1, None, 1, LeakyReLU(negative_slope=0.1)]
 74                57  1     73984  models.common.Conv                      [64, 128, 3, 1, None, 1, LeakyReLU(negative_slope=0.1)]
 75                65  1    295424  models.common.Conv                      [128, 256, 3, 1, None, 1, LeakyReLU(negative_slope=0.1)]
 76                73  1   1180672  models.common.Conv                      [256, 512, 3, 1, None, 1, LeakyReLU(negative_slope=0.1)]
 77      [74, 75, 76]  1    229245  models.yolo.Detect                      [80, [[10, 13, 16, 30, 33, 23], [30, 61, 62, 45, 59, 119], [116, 90, 156, 198, 373, 326]], [128, 256, 512]]
/home/sophieguan/anaconda3/envs/ece189_gpu/lib/python3.11/site-packages/torch/functional.py:504: UserWarning: torch.meshgrid: in an upcoming release, it will be required to pass the indexing argument. (Triggered internally at /opt/conda/conda-bld/pytorch_1699449183005/work/aten/src/ATen/native/TensorShape.cpp:3526.)
  return _VF.meshgrid(tensors, **kwargs)  # type: ignore[attr-defined]
Model Summary: 255 layers, 6227101 parameters, 6227101 gradients, 13.9 GFLOPS

Transferred 338/338 items from ./yolov7/yolov7-tiny.pt
bash: ./scripts/get_coco.sh: No such file or directory
Scaled weight_decay = 0.000625
Optimizer groups: 58 .bias, 58 conv.weight, 55 other
Traceback (most recent call last):
  File "/home/sophieguan/proj-pete/yolov7/utils/datasets.py", line 385, in __init__
    raise Exception(f'{prefix}{p} does not exist')
Exception: [34m[1mtrain: [0mcoco/train2017.txt does not exist

During handling of the above exception, another exception occurred:

Traceback (most recent call last):
  File "/home/sophieguan/proj-pete/./yolov7/train.py", line 616, in <module>
    train(hyp, opt, device, tb_writer)
  File "/home/sophieguan/proj-pete/./yolov7/train.py", line 245, in train
    dataloader, dataset = create_dataloader(train_path, imgsz, batch_size, gs, opt,
                          ^^^^^^^^^^^^^^^^^^^^^^^^^^^^^^^^^^^^^^^^^^^^^^^^^^^^^^^^^
  File "/home/sophieguan/proj-pete/yolov7/utils/datasets.py", line 72, in create_dataloader
    dataset = LoadImagesAndLabels(path, imgsz, batch_size,
              ^^^^^^^^^^^^^^^^^^^^^^^^^^^^^^^^^^^^^^^^^^^^
  File "/home/sophieguan/proj-pete/yolov7/utils/datasets.py", line 390, in __init__
    raise Exception(f'{prefix}Error loading data from {path}: {e}\nSee {help_url}')
Exception: [34m[1mtrain: [0mError loading data from ./coco/train2017.txt: [34m[1mtrain: [0mcoco/train2017.txt does not exist
See https://github.com/ultralytics/yolov5/wiki/Train-Custom-Data
wandb: - 0.004 MB of 0.004 MB uploadedwandb: \ 0.004 MB of 0.027 MB uploadedwandb: | 0.027 MB of 0.027 MB uploadedwandb: üöÄ View run ATF_COCO-unfreeze at: https://wandb.ai/ece189-proj-pete/YOLOR/runs/jakhegka
wandb: Synced 6 W&B file(s), 0 media file(s), 0 artifact file(s) and 0 other file(s)
wandb: Find logs at: ./wandb/run-20240403_130517-jakhegka/logs
YOLOR üöÄ 2023-11-30 torch 2.1.1 CUDA:0 (Tesla V100-SXM2-32GB, 32501.125MB)

Namespace(weights='./runs/train/ATF_COCO-unfreeze/weights/best.pt', cfg='', data='./data-storage/50-shot-dataset/fewshot/obj_train_data/data.yaml', hyp='./yolov7/data/hyp.scratch.custom.fsl.yaml', epochs=100, batch_size=32, img_size=[640, 640], rect=False, resume=False, nosave=False, notest=False, noautoanchor=False, evolve=False, bucket='', cache_images=False, image_weights=False, device='', multi_scale=False, single_cls=False, adam=False, sync_bn=False, local_rank=-1, workers=8, project='runs/train', entity=None, name='ATF_COCO-freeze', exist_ok=False, quad=False, linear_lr=False, label_smoothing=0.0, upload_dataset=False, bbox_interval=-1, save_period=-1, artifact_alias='latest', freeze=[51], v5_metric=False, world_size=1, global_rank=-1, save_dir='runs/train/ATF_COCO-freeze', total_batch_size=32)
[34m[1mtensorboard: [0mStart with 'tensorboard --logdir runs/train', view at http://localhost:6006/
[34m[1mhyperparameters: [0mlr0=0.001, lrf=0.001, momentum=0.9, weight_decay=0.0001, warmup_epochs=3.0, warmup_momentum=0.8, warmup_bias_lr=0.1, box=0.05, cls=0.5, cls_pw=1.0, obj=1.0, obj_pw=1.0, iou_t=0.2, anchor_t=4.0, fl_gamma=1.5, hsv_h=0.015, hsv_s=0.7, hsv_v=0.4, degrees=0.0, translate=0.1, scale=0.5, shear=0.0, perspective=0.0, flipud=0.0, fliplr=0.5, mosaic=1.0, mixup=0.05, copy_paste=0.0, paste_in=0.05, loss_ota=1
wandb: Currently logged in as: sophieguan (ece189-proj-pete). Use `wandb login --relogin` to force relogin
wandb: wandb version 0.16.5 is available!  To upgrade, please run:
wandb:  $ pip install wandb --upgrade
wandb: Tracking run with wandb version 0.16.0
wandb: Run data is saved locally in /home/sophieguan/proj-pete/wandb/run-20240403_130607-gxdg4s63
wandb: Run `wandb offline` to turn off syncing.
wandb: Syncing run ATF_COCO-freeze
wandb: ‚≠êÔ∏è View project at https://wandb.ai/ece189-proj-pete/YOLOR
wandb: üöÄ View run at https://wandb.ai/ece189-proj-pete/YOLOR/runs/gxdg4s63
Traceback (most recent call last):
  File "/home/sophieguan/proj-pete/./yolov7/train.py", line 616, in <module>
    train(hyp, opt, device, tb_writer)
  File "/home/sophieguan/proj-pete/./yolov7/train.py", line 87, in train
    ckpt = torch.load(weights, map_location=device)  # load checkpoint
           ^^^^^^^^^^^^^^^^^^^^^^^^^^^^^^^^^^^^^^^^
  File "/home/sophieguan/anaconda3/envs/ece189_gpu/lib/python3.11/site-packages/torch/serialization.py", line 986, in load
    with _open_file_like(f, 'rb') as opened_file:
         ^^^^^^^^^^^^^^^^^^^^^^^^
  File "/home/sophieguan/anaconda3/envs/ece189_gpu/lib/python3.11/site-packages/torch/serialization.py", line 435, in _open_file_like
    return _open_file(name_or_buffer, mode)
           ^^^^^^^^^^^^^^^^^^^^^^^^^^^^^^^^
  File "/home/sophieguan/anaconda3/envs/ece189_gpu/lib/python3.11/site-packages/torch/serialization.py", line 416, in __init__
    super().__init__(open(name, mode))
                     ^^^^^^^^^^^^^^^^
FileNotFoundError: [Errno 2] No such file or directory: './runs/train/ATF_COCO-unfreeze/weights/best.pt'
wandb: üöÄ View run ATF_COCO-freeze at: https://wandb.ai/ece189-proj-pete/YOLOR/runs/gxdg4s63
wandb: Synced 6 W&B file(s), 0 media file(s), 0 artifact file(s) and 0 other file(s)
wandb: Find logs at: ./wandb/run-20240403_130607-gxdg4s63/logs
YOLOR üöÄ 2023-11-30 torch 2.1.1 CUDA:0 (Tesla V100-SXM2-32GB, 32501.125MB)

Traceback (most recent call last):
  File "/home/sophieguan/proj-pete/./yolov7/test.py", line 319, in <module>
    test(opt.data,
  File "/home/sophieguan/proj-pete/./yolov7/test.py", line 58, in test
    model = attempt_load(weights, map_location=device)  # load FP32 model
            ^^^^^^^^^^^^^^^^^^^^^^^^^^^^^^^^^^^^^^^^^^
  File "/home/sophieguan/proj-pete/yolov7/models/experimental.py", line 252, in attempt_load
    ckpt = torch.load(w, map_location=map_location)  # load
           ^^^^^^^^^^^^^^^^^^^^^^^^^^^^^^^^^^^^^^^^
  File "/home/sophieguan/anaconda3/envs/ece189_gpu/lib/python3.11/site-packages/torch/serialization.py", line 986, in load
    with _open_file_like(f, 'rb') as opened_file:
         ^^^^^^^^^^^^^^^^^^^^^^^^
  File "/home/sophieguan/anaconda3/envs/ece189_gpu/lib/python3.11/site-packages/torch/serialization.py", line 435, in _open_file_like
    return _open_file(name_or_buffer, mode)
           ^^^^^^^^^^^^^^^^^^^^^^^^^^^^^^^^
  File "/home/sophieguan/anaconda3/envs/ece189_gpu/lib/python3.11/site-packages/torch/serialization.py", line 416, in __init__
    super().__init__(open(name, mode))
                     ^^^^^^^^^^^^^^^^
FileNotFoundError: [Errno 2] No such file or directory: './runs/train/ATF_COCO-freeze/weights/best.pt'
